124.160.217.254 - - [23/Aug/2013:11:55:29 +0800] "GET /flashsales/today?limit=3&time=398922992.076174&app_key=123456&signature=TJu5nYfPtUUu%2BoiWdwkUOYZ0Q74%3D HTTP/1.1" 302 0 "-" "ShangouForIPhone/1.0 CFNetwork/609.1.4 Darwin/13.0.0"
124.160.217.254 - - [23/Aug/2013:11:55:30 +0800] "GET /flashsales/2013-08-23?limit=3&time=398922992.076174&app_key=123456&signature=TJu5nYfPtUUu+oiWdwkUOYZ0Q74= HTTP/1.1" 200 1137 "-" "ShangouForIPhone/1.0 CFNetwork/609.1.4 Darwin/13.0.0"
124.160.217.254 - - [23/Aug/2013:11:56:04 +0800] "GET /flashsales/today?limit=3&time=398923026.825495&app_key=123456&signature=yy88OdTT2OMcFVEBxZIynCb06kI%3D HTTP/1.1" 302 0 "-" "ShangouForIPhone/1.0 CFNetwork/609.1.4 Darwin/13.0.0"
124.160.217.254 - - [23/Aug/2013:11:56:04 +0800] "GET /flashsales/2013-08-23?limit=3&time=398923026.825495&app_key=123456&signature=yy88OdTT2OMcFVEBxZIynCb06kI= HTTP/1.1" 200 1137 "-" "ShangouForIPhone/1.0 CFNetwork/609.1.4 Darwin/13.0.0"
124.160.217.254 - - [23/Aug/2013:11:57:02 +0800] "GET /flashsales/today?limit=3&time=398923087.112351&app_key=123456&signature=AO7eOBP1sLzKBkuro8LDwJgaiOQ%3D HTTP/1.1" 302 0 "-" "ShangouForIPhone/1.0 CFNetwork/609.1.4 Darwin/13.0.0"
124.160.217.254 - - [23/Aug/2013:11:57:02 +0800] "GET /flashsales/2013-08-23?limit=3&time=398923087.112351&app_key=123456&signature=AO7eOBP1sLzKBkuro8LDwJgaiOQ= HTTP/1.1" 200 1137 "-" "ShangouForIPhone/1.0 CFNetwork/609.1.4 Darwin/13.0.0"
124.160.217.254 - - [23/Aug/2013:12:02:02 +0800] "GET /flashsales/today?limit=3&time=398923386.456339&app_key=123456&signature=1nobZwVMP385hgHHFHdBma1kdOo%3D HTTP/1.1" 302 0 "-" "ShangouForIPhone/1.0 CFNetwork/609.1.4 Darwin/13.0.0"
124.160.217.254 - - [23/Aug/2013:12:02:02 +0800] "GET /flashsales/2013-08-23?limit=3&time=398923386.456339&app_key=123456&signature=1nobZwVMP385hgHHFHdBma1kdOo= HTTP/1.1" 200 1137 "-" "ShangouForIPhone/1.0 CFNetwork/609.1.4 Darwin/13.0.0"
124.160.217.254 - - [23/Aug/2013:12:05:02 +0800] "GET /flashsales/today?limit=3&time=398923562.641514&app_key=123456&signature=9DbWxVLfuzeR%2BSO%2BHOR%2FQeVnnDg%3D HTTP/1.1" 302 0 "-" "ShangouForIPhone/1.0 CFNetwork/609.1.4 Darwin/13.0.0"
124.160.217.254 - - [23/Aug/2013:12:05:02 +0800] "GET /flashsales/2013-08-23?limit=3&time=398923562.641514&app_key=123456&signature=9DbWxVLfuzeR+SO+HOR/QeVnnDg= HTTP/1.1" 200 1137 "-" "ShangouForIPhone/1.0 CFNetwork/609.1.4 Darwin/13.0.0"
218.108.196.61 - - [23/Aug/2013:12:05:29 +0800] "GET /flashsales/today?limit=3&time=398923597.634257&app_key=123456&signature=rpM2fuq7M9onYw94swPMI%2FYSwIc%3D HTTP/1.1" 302 0 "-" "ShangouForIPhone/1.0 CFNetwork/609.1.4 Darwin/12.4.0"
218.108.196.61 - - [23/Aug/2013:12:05:29 +0800] "GET /flashsales/2013-08-23?limit=3&time=398923597.634257&app_key=123456&signature=rpM2fuq7M9onYw94swPMI/YSwIc= HTTP/1.1" 200 1137 "-" "ShangouForIPhone/1.0 CFNetwork/609.1.4 Darwin/12.4.0"
124.160.217.254 - - [23/Aug/2013:12:05:49 +0800] "GET /flashsales/today?limit=3&time=398923614.033112&app_key=123456&signature=KVP6WPXKM28U%2BJLcO6vDTkK8WH8%3D HTTP/1.1" 302 0 "-" "ShangouForIPhone/1.0 CFNetwork/609.1.4 Darwin/13.0.0"
124.160.217.254 - - [23/Aug/2013:12:05:49 +0800] "GET /flashsales/2013-08-23?limit=3&time=398923614.033112&app_key=123456&signature=KVP6WPXKM28U+JLcO6vDTkK8WH8= HTTP/1.1" 200 1137 "-" "ShangouForIPhone/1.0 CFNetwork/609.1.4 Darwin/13.0.0"
124.160.217.254 - - [23/Aug/2013:12:07:21 +0800] "GET /flashsales/today?limit=3&time=398923705.769222&app_key=123456&signature=YqnSUbWadlkJC5K%2Fsp%2F8MkuEYsA%3D HTTP/1.1" 302 0 "-" "ShangouForIPhone/1.0 CFNetwork/609.1.4 Darwin/13.0.0"
124.160.217.254 - - [23/Aug/2013:12:07:21 +0800] "GET /flashsales/2013-08-23?limit=3&time=398923705.769222&app_key=123456&signature=YqnSUbWadlkJC5K/sp/8MkuEYsA= HTTP/1.1" 200 1137 "-" "ShangouForIPhone/1.0 CFNetwork/609.1.4 Darwin/13.0.0"
218.108.196.61 - - [23/Aug/2013:12:07:29 +0800] "GET /flashslases/today HTTP/1.1" 403 71 "-" "Mozilla/5.0 (Macintosh; Intel Mac OS X 10_8_4) AppleWebKit/537.36 (KHTML, like Gecko) Chrome/28.0.1500.95 Safari/537.36"
218.108.196.61 - - [23/Aug/2013:12:07:29 +0800] "GET /favicon.ico HTTP/1.1" 403 71 "-" "Mozilla/5.0 (Macintosh; Intel Mac OS X 10_8_4) AppleWebKit/537.36 (KHTML, like Gecko) Chrome/28.0.1500.95 Safari/537.36"
218.108.196.61 - - [23/Aug/2013:12:07:29 +0800] "GET /flashslases/today HTTP/1.1" 403 71 "-" "Mozilla/5.0 (Macintosh; Intel Mac OS X 10_8_4) AppleWebKit/537.36 (KHTML, like Gecko) Chrome/28.0.1500.95 Safari/537.36"
218.108.196.61 - - [23/Aug/2013:12:07:29 +0800] "GET /favicon.ico HTTP/1.1" 403 71 "-" "Mozilla/5.0 (Macintosh; Intel Mac OS X 10_8_4) AppleWebKit/537.36 (KHTML, like Gecko) Chrome/28.0.1500.95 Safari/537.36"
218.108.196.61 - - [23/Aug/2013:12:07:36 +0800] "GET /flashsalses/today HTTP/1.1" 403 71 "-" "Mozilla/5.0 (Macintosh; Intel Mac OS X 10_8_4) AppleWebKit/537.36 (KHTML, like Gecko) Chrome/28.0.1500.95 Safari/537.36"
218.108.196.61 - - [23/Aug/2013:12:07:36 +0800] "GET /favicon.ico HTTP/1.1" 403 71 "-" "Mozilla/5.0 (Macintosh; Intel Mac OS X 10_8_4) AppleWebKit/537.36 (KHTML, like Gecko) Chrome/28.0.1500.95 Safari/537.36"
218.108.196.61 - - [23/Aug/2013:12:07:40 +0800] "GET /flashsalses/today HTTP/1.1" 403 71 "-" "Mozilla/5.0 (Macintosh; Intel Mac OS X 10_8_4) AppleWebKit/537.36 (KHTML, like Gecko) Chrome/28.0.1500.95 Safari/537.36"
218.108.196.61 - - [23/Aug/2013:12:07:40 +0800] "GET /favicon.ico HTTP/1.1" 403 71 "-" "Mozilla/5.0 (Macintosh; Intel Mac OS X 10_8_4) AppleWebKit/537.36 (KHTML, like Gecko) Chrome/28.0.1500.95 Safari/537.36"
124.160.217.254 - - [23/Aug/2013:12:10:58 +0800] "GET /flashsales/today?limit=3&time=398923922.378665&app_key=123456&signature=lA7TXsEVBx4tSWVADf2%2BCLmX%2BGA%3D HTTP/1.1" 302 0 "-" "ShangouForIPhone/1.0 CFNetwork/609.1.4 Darwin/13.0.0"
124.160.217.254 - - [23/Aug/2013:12:10:58 +0800] "GET /flashsales/2013-08-23?limit=3&time=398923922.378665&app_key=123456&signature=lA7TXsEVBx4tSWVADf2+CLmX+GA= HTTP/1.1" 200 1137 "-" "ShangouForIPhone/1.0 CFNetwork/609.1.4 Darwin/13.0.0"
218.108.196.61 - - [23/Aug/2013:12:11:28 +0800] "GET /flashsalses/today HTTP/1.1" 403 71 "-" "Mozilla/5.0 (Macintosh; Intel Mac OS X 10_8_4) AppleWebKit/537.36 (KHTML, like Gecko) Chrome/28.0.1500.95 Safari/537.36"
218.108.196.61 - - [23/Aug/2013:12:11:28 +0800] "GET /favicon.ico HTTP/1.1" 403 71 "-" "Mozilla/5.0 (Macintosh; Intel Mac OS X 10_8_4) AppleWebKit/537.36 (KHTML, like Gecko) Chrome/28.0.1500.95 Safari/537.36"
124.160.217.254 - - [23/Aug/2013:12:11:43 +0800] "GET /flashsales/today?limit=3&time=398923966.349874&app_key=123456&signature=auHpC8pBOZb%2BVF9Fa3YA6h6Xg8g%3D HTTP/1.1" 302 0 "-" "ShangouForIPhone/1.0 CFNetwork/609.1.4 Darwin/13.0.0"
124.160.217.254 - - [23/Aug/2013:12:11:43 +0800] "GET /flashsales/2013-08-23?limit=3&time=398923966.349874&app_key=123456&signature=auHpC8pBOZb+VF9Fa3YA6h6Xg8g= HTTP/1.1" 200 1137 "-" "ShangouForIPhone/1.0 CFNetwork/609.1.4 Darwin/13.0.0"
218.108.196.61 - - [23/Aug/2013:12:11:49 +0800] "GET /event_products/26 HTTP/1.1" 200 2246 "-" "Mozilla/5.0 (Macintosh; Intel Mac OS X 10_8_4) AppleWebKit/537.36 (KHTML, like Gecko) Chrome/28.0.1500.95 Safari/537.36"
218.108.196.61 - - [23/Aug/2013:12:11:49 +0800] "GET /favicon.ico HTTP/1.1" 403 71 "-" "Mozilla/5.0 (Macintosh; Intel Mac OS X 10_8_4) AppleWebKit/537.36 (KHTML, like Gecko) Chrome/28.0.1500.95 Safari/537.36"
218.108.196.61 - - [23/Aug/2013:12:12:02 +0800] "GET /flashsales/today HTTP/1.1" 302 0 "-" "Mozilla/5.0 (Macintosh; Intel Mac OS X 10_8_4) AppleWebKit/537.36 (KHTML, like Gecko) Chrome/28.0.1500.95 Safari/537.36"
218.108.196.61 - - [23/Aug/2013:12:12:02 +0800] "GET /flashsales/2013-08-23 HTTP/1.1" 200 2780 "-" "Mozilla/5.0 (Macintosh; Intel Mac OS X 10_8_4) AppleWebKit/537.36 (KHTML, like Gecko) Chrome/28.0.1500.95 Safari/537.36"
218.108.196.61 - - [23/Aug/2013:12:12:02 +0800] "GET /favicon.ico HTTP/1.1" 403 71 "-" "Mozilla/5.0 (Macintosh; Intel Mac OS X 10_8_4) AppleWebKit/537.36 (KHTML, like Gecko) Chrome/28.0.1500.95 Safari/537.36"
124.160.217.254 - - [23/Aug/2013:12:12:11 +0800] "GET /flashsales/today?limit=3&time=398923993.733100&app_key=123456&signature=kEPS8g05rW0ZsoDHhNnsFm6k%2F%2B4%3D HTTP/1.1" 302 0 "-" "ShangouForIPhone/1.0 CFNetwork/609.1.4 Darwin/13.0.0"
124.160.217.254 - - [23/Aug/2013:12:12:11 +0800] "GET /flashsales/2013-08-23?limit=3&time=398923993.733100&app_key=123456&signature=kEPS8g05rW0ZsoDHhNnsFm6k/+4= HTTP/1.1" 200 1137 "-" "ShangouForIPhone/1.0 CFNetwork/609.1.4 Darwin/13.0.0"
218.108.196.61 - - [23/Aug/2013:12:12:17 +0800] "GET /flashsales/today?limit=3&time=398924005.942620&app_key=123456&signature=HpJE0VBrdW5%2Bmc2yxc5ZEl0kTr4%3D HTTP/1.1" 302 0 "-" "ShangouForIPhone/1.0 CFNetwork/609.1.4 Darwin/12.4.0"
218.108.196.61 - - [23/Aug/2013:12:12:17 +0800] "GET /flashsales/2013-08-23?limit=3&time=398924005.942620&app_key=123456&signature=HpJE0VBrdW5+mc2yxc5ZEl0kTr4= HTTP/1.1" 200 1137 "-" "ShangouForIPhone/1.0 CFNetwork/609.1.4 Darwin/12.4.0"
218.108.196.61 - - [23/Aug/2013:12:12:52 +0800] "GET /flashsales/today?limit=3&time=398924041.057917&app_key=123456&signature=KpDyVxsqzEkTXFUBDcoVZGaN0po%3D HTTP/1.1" 302 0 "-" "ShangouForIPhone/1.0 CFNetwork/609.1.4 Darwin/12.4.0"
218.108.196.61 - - [23/Aug/2013:12:12:52 +0800] "GET /flashsales/2013-08-23?limit=3&time=398924041.057917&app_key=123456&signature=KpDyVxsqzEkTXFUBDcoVZGaN0po= HTTP/1.1" 200 1137 "-" "ShangouForIPhone/1.0 CFNetwork/609.1.4 Darwin/12.4.0"
124.160.217.254 - - [23/Aug/2013:12:12:56 +0800] "GET /flashsales/today?limit=3&time=398924039.281706&app_key=123456&signature=w5c5YlHZD9Vv16NaoBjbBlFmrjo%3D HTTP/1.1" 302 0 "-" "ShangouForIPhone/1.0 CFNetwork/609.1.4 Darwin/13.0.0"
124.160.217.254 - - [23/Aug/2013:12:12:56 +0800] "GET /flashsales/2013-08-23?limit=3&time=398924039.281706&app_key=123456&signature=w5c5YlHZD9Vv16NaoBjbBlFmrjo= HTTP/1.1" 200 1137 "-" "ShangouForIPhone/1.0 CFNetwork/609.1.4 Darwin/13.0.0"
218.108.196.61 - - [23/Aug/2013:12:13:17 +0800] "POST /bind HTTP/1.1" 201 213 "-" "ShangouForIPhone/1.0 CFNetwork/609.1.4 Darwin/12.4.0"
124.160.217.254 - - [23/Aug/2013:12:13:39 +0800] "GET /flashsales/today?limit=3&time=398924081.767970&app_key=123456&signature=pR7wRz4vs%2FiVVCwa7Z9S76jznv8%3D HTTP/1.1" 302 0 "-" "ShangouForIPhone/1.0 CFNetwork/609.1.4 Darwin/13.0.0"
124.160.217.254 - - [23/Aug/2013:12:13:39 +0800] "GET /flashsales/2013-08-23?limit=3&time=398924081.767970&app_key=123456&signature=pR7wRz4vs/iVVCwa7Z9S76jznv8= HTTP/1.1" 200 1137 "-" "ShangouForIPhone/1.0 CFNetwork/609.1.4 Darwin/13.0.0"
218.108.196.61 - - [23/Aug/2013:12:13:53 +0800] "GET /flashsales/2013-08-23?limit=3&time=398924039.281706&app_key=123456&signature=w5c5YlHZD9Vv16NaoBjbBlFmrjo= HTTP/1.1" 200 1137 "-" "Mozilla/5.0 (Macintosh; Intel Mac OS X 10_8_4) AppleWebKit/537.36 (KHTML, like Gecko) Chrome/28.0.1500.95 Safari/537.36"
218.108.196.61 - - [23/Aug/2013:12:13:53 +0800] "GET /favicon.ico HTTP/1.1" 403 71 "-" "Mozilla/5.0 (Macintosh; Intel Mac OS X 10_8_4) AppleWebKit/537.36 (KHTML, like Gecko) Chrome/28.0.1500.95 Safari/537.36"
124.160.217.254 - - [23/Aug/2013:12:14:09 +0800] "GET /flashsales/today?limit=3&time=398924111.809666&app_key=123456&signature=sm2UDYC6YWGfDxJOWtcsEkARDOY%3D HTTP/1.1" 302 0 "-" "ShangouForIPhone/1.0 CFNetwork/609.1.4 Darwin/13.0.0"
124.160.217.254 - - [23/Aug/2013:12:14:09 +0800] "GET /flashsales/2013-08-23?limit=3&time=398924111.809666&app_key=123456&signature=sm2UDYC6YWGfDxJOWtcsEkARDOY= HTTP/1.1" 200 1137 "-" "ShangouForIPhone/1.0 CFNetwork/609.1.4 Darwin/13.0.0"
218.108.196.61 - - [23/Aug/2013:12:14:16 +0800] "GET /flashsales/2013-08-23?limit=3&time=398924039.281706&app_key=123456&signature=w5c5YlHZD9Vv16NaoBjbBlFmrjo= HTTP/1.1" 200 1137 "-" "Mozilla/5.0 (Macintosh; Intel Mac OS X 10_8_4) AppleWebKit/537.36 (KHTML, like Gecko) Chrome/28.0.1500.95 Safari/537.36"
218.108.196.61 - - [23/Aug/2013:12:14:16 +0800] "GET /favicon.ico HTTP/1.1" 403 71 "-" "Mozilla/5.0 (Macintosh; Intel Mac OS X 10_8_4) AppleWebKit/537.36 (KHTML, like Gecko) Chrome/28.0.1500.95 Safari/537.36"
124.160.217.254 - - [23/Aug/2013:12:14:34 +0800] "GET /flashsales/today?limit=3&time=398924138.575526&app_key=123456&signature=KW2GNZxcrcWFfMFOBWrvCphtkT4%3D HTTP/1.1" 302 0 "-" "ShangouForIPhone/1.0 CFNetwork/609.1.4 Darwin/13.0.0"
124.160.217.254 - - [23/Aug/2013:12:14:34 +0800] "GET /flashsales/2013-08-23?limit=3&time=398924138.575526&app_key=123456&signature=KW2GNZxcrcWFfMFOBWrvCphtkT4= HTTP/1.1" 200 1137 "-" "ShangouForIPhone/1.0 CFNetwork/609.1.4 Darwin/13.0.0"
124.160.217.254 - - [23/Aug/2013:12:14:41 +0800] "GET /flashsales/tomorrow?limit=30&time=398924145.523660&app_key=123456&signature=LguRUfd4ffXTpRq%2Fvxkm2abvxaY%3D HTTP/1.1" 302 0 "-" "ShangouForIPhone/1.0 CFNetwork/609.1.4 Darwin/13.0.0"
124.160.217.254 - - [23/Aug/2013:12:14:41 +0800] "GET /flashsales/2013-08-24 HTTP/1.1" 200 2787 "-" "ShangouForIPhone/1.0 CFNetwork/609.1.4 Darwin/13.0.0"
218.108.196.61 - - [23/Aug/2013:12:14:48 +0800] "GET /flashsales/2013-08-23?limit=3 HTTP/1.1" 200 1137 "-" "Mozilla/5.0 (Macintosh; Intel Mac OS X 10_8_4) AppleWebKit/537.36 (KHTML, like Gecko) Chrome/28.0.1500.95 Safari/537.36"
218.108.196.61 - - [23/Aug/2013:12:14:48 +0800] "GET /favicon.ico HTTP/1.1" 403 71 "-" "Mozilla/5.0 (Macintosh; Intel Mac OS X 10_8_4) AppleWebKit/537.36 (KHTML, like Gecko) Chrome/28.0.1500.95 Safari/537.36"
124.160.217.254 - - [23/Aug/2013:12:15:19 +0800] "GET /flashsales/today?limit=3&time=398924183.368419&app_key=123456&signature=MbTMeQAasgsWkkNLFnJOimmIz78%3D HTTP/1.1" 302 0 "-" "ShangouForIPhone/1.0 CFNetwork/609.1.4 Darwin/13.0.0"
124.160.217.254 - - [23/Aug/2013:12:15:19 +0800] "GET /flashsales/2013-08-23?limit=3&time=398924183.368419&app_key=123456&signature=MbTMeQAasgsWkkNLFnJOimmIz78= HTTP/1.1" 200 1137 "-" "ShangouForIPhone/1.0 CFNetwork/609.1.4 Darwin/13.0.0"
218.108.196.61 - - [23/Aug/2013:12:15:27 +0800] "GET /flashsales/today?limit=3&time=398924196.493307&app_key=123456&signature=oH6m9WKicd7md9OGyfL33BHHxCk%3D HTTP/1.1" 302 0 "-" "ShangouForIPhone/1.0 CFNetwork/609.1.4 Darwin/12.4.0"
218.108.196.61 - - [23/Aug/2013:12:15:27 +0800] "GET /flashsales/2013-08-23?limit=3&time=398924196.493307&app_key=123456&signature=oH6m9WKicd7md9OGyfL33BHHxCk= HTTP/1.1" 200 1137 "-" "ShangouForIPhone/1.0 CFNetwork/609.1.4 Darwin/12.4.0"
124.160.217.254 - - [23/Aug/2013:12:16:16 +0800] "GET /flashsales/today?limit=3&time=398924240.804815&app_key=123456&signature=PzzAti7vwzG1%2FcOYtfj0pHgFOvE%3D HTTP/1.1" 302 0 "-" "ShangouForIPhone/1.0 CFNetwork/609.1.4 Darwin/13.0.0"
124.160.217.254 - - [23/Aug/2013:12:16:16 +0800] "GET /flashsales/2013-08-23?limit=3&time=398924240.804815&app_key=123456&signature=PzzAti7vwzG1/cOYtfj0pHgFOvE= HTTP/1.1" 200 1137 "-" "ShangouForIPhone/1.0 CFNetwork/609.1.4 Darwin/13.0.0"
124.160.217.254 - - [23/Aug/2013:12:17:30 +0800] "GET /flashsales/today?limit=3&time=398924312.913448&app_key=123456&signature=ESvLPOZT%2Fk0AH3hF%2B%2F0mQtnqqk8%3D HTTP/1.1" 302 0 "-" "ShangouForIPhone/1.0 CFNetwork/609.1.4 Darwin/13.0.0"
124.160.217.254 - - [23/Aug/2013:12:17:30 +0800] "GET /flashsales/2013-08-23?limit=3&time=398924312.913448&app_key=123456&signature=ESvLPOZT/k0AH3hF+/0mQtnqqk8= HTTP/1.1" 200 1137 "-" "ShangouForIPhone/1.0 CFNetwork/609.1.4 Darwin/13.0.0"
124.160.217.254 - - [23/Aug/2013:12:18:26 +0800] "GET /flashsales/today?limit=3&time=398924369.730645&app_key=123456&signature=fFS3HpNEq5DXrYJsbrnQm6XGrxs%3D HTTP/1.1" 302 0 "-" "ShangouForIPhone/1.0 CFNetwork/609.1.4 Darwin/13.0.0"
124.160.217.254 - - [23/Aug/2013:12:18:27 +0800] "GET /flashsales/2013-08-23?limit=3&time=398924369.730645&app_key=123456&signature=fFS3HpNEq5DXrYJsbrnQm6XGrxs= HTTP/1.1" 200 1137 "-" "ShangouForIPhone/1.0 CFNetwork/609.1.4 Darwin/13.0.0"
124.160.217.254 - - [23/Aug/2013:12:19:11 +0800] "GET /flashsales/today?limit=3&time=398924414.325048&app_key=123456&signature=03bVijULXFzm28T5GePoVBmZQiI%3D HTTP/1.1" 302 0 "-" "ShangouForIPhone/1.0 CFNetwork/609.1.4 Darwin/13.0.0"
124.160.217.254 - - [23/Aug/2013:12:19:11 +0800] "GET /flashsales/2013-08-23?limit=3&time=398924414.325048&app_key=123456&signature=03bVijULXFzm28T5GePoVBmZQiI= HTTP/1.1" 200 1137 "-" "ShangouForIPhone/1.0 CFNetwork/609.1.4 Darwin/13.0.0"
124.160.217.254 - - [23/Aug/2013:12:20:04 +0800] "GET /flashsales/today?limit=3&time=398924466.954281&app_key=123456&signature=SrR0308FJ9Gsk0YH4qJx93K2yls%3D HTTP/1.1" 302 0 "-" "ShangouForIPhone/1.0 CFNetwork/609.1.4 Darwin/13.0.0"
124.160.217.254 - - [23/Aug/2013:12:20:04 +0800] "GET /flashsales/2013-08-23?limit=3&time=398924466.954281&app_key=123456&signature=SrR0308FJ9Gsk0YH4qJx93K2yls= HTTP/1.1" 200 1137 "-" "ShangouForIPhone/1.0 CFNetwork/609.1.4 Darwin/13.0.0"
124.160.217.254 - - [23/Aug/2013:12:21:17 +0800] "GET /flashsales/today?limit=3&time=398924540.055038&app_key=123456&signature=XhPGI9NvT9S5%2Fy0zeFUXrsPjFMo%3D HTTP/1.1" 302 0 "-" "ShangouForIPhone/1.0 CFNetwork/609.1.4 Darwin/13.0.0"
124.160.217.254 - - [23/Aug/2013:12:21:17 +0800] "GET /flashsales/2013-08-23?limit=3&time=398924540.055038&app_key=123456&signature=XhPGI9NvT9S5/y0zeFUXrsPjFMo= HTTP/1.1" 200 1137 "-" "ShangouForIPhone/1.0 CFNetwork/609.1.4 Darwin/13.0.0"
124.160.217.254 - - [23/Aug/2013:12:21:19 +0800] "GET /flashsales/tomorrow?limit=30&time=398924543.680434&app_key=123456&signature=anUZY1Q50j8djZhGqyjlcaPZeHA%3D HTTP/1.1" 302 0 "-" "ShangouForIPhone/1.0 CFNetwork/609.1.4 Darwin/13.0.0"
124.160.217.254 - - [23/Aug/2013:12:21:19 +0800] "GET /flashsales/2013-08-24 HTTP/1.1" 200 2787 "-" "ShangouForIPhone/1.0 CFNetwork/609.1.4 Darwin/13.0.0"
124.160.217.254 - - [23/Aug/2013:12:24:55 +0800] "GET /flashsales/today?limit=3&time=398924759.773841&app_key=123456&signature=AqW0JW%2BlGLzgDeuwcF%2FwfHPtMWQ%3D HTTP/1.1" 302 0 "-" "ShangouForIPhone/1.0 CFNetwork/609.1.4 Darwin/13.0.0"
124.160.217.254 - - [23/Aug/2013:12:24:55 +0800] "GET /flashsales/2013-08-23?limit=3&time=398924759.773841&app_key=123456&signature=AqW0JW+lGLzgDeuwcF/wfHPtMWQ= HTTP/1.1" 200 1137 "-" "ShangouForIPhone/1.0 CFNetwork/609.1.4 Darwin/13.0.0"
124.160.217.254 - - [23/Aug/2013:12:25:09 +0800] "GET /flashsales/tomorrow?limit=30&time=398924774.225099&app_key=123456&signature=2BKZZhTUU36ox%2BE1ljcU8%2BT8Nws%3D HTTP/1.1" 302 0 "-" "ShangouForIPhone/1.0 CFNetwork/609.1.4 Darwin/13.0.0"
124.160.217.254 - - [23/Aug/2013:12:25:09 +0800] "GET /flashsales/2013-08-24 HTTP/1.1" 200 2787 "-" "ShangouForIPhone/1.0 CFNetwork/609.1.4 Darwin/13.0.0"
124.160.216.181 - - [23/Aug/2013:13:49:16 +0800] "GET /flashsales/today?limit=3&time=398929820.287698&app_key=123456&signature=T%2FyHemDxjhwEhJT%2FvLRnRlCvpf0%3D HTTP/1.1" 302 0 "-" "ShangouForIPhone/1.0 CFNetwork/609.1.4 Darwin/13.0.0"
124.160.216.181 - - [23/Aug/2013:13:49:16 +0800] "GET /flashsales/2013-08-23?limit=3&time=398929820.287698&app_key=123456&signature=T/yHemDxjhwEhJT/vLRnRlCvpf0= HTTP/1.1" 200 1137 "-" "ShangouForIPhone/1.0 CFNetwork/609.1.4 Darwin/13.0.0"
124.160.216.181 - - [23/Aug/2013:13:50:23 +0800] "GET /flashsales/today?limit=3&time=398929886.979949&app_key=123456&signature=AM3H9tGKrzhBZabqJ3tpOnnapj0%3D HTTP/1.1" 302 0 "-" "ShangouForIPhone/1.0 CFNetwork/609.1.4 Darwin/13.0.0"
124.160.216.181 - - [23/Aug/2013:13:50:24 +0800] "GET /flashsales/2013-08-23?limit=3&time=398929886.979949&app_key=123456&signature=AM3H9tGKrzhBZabqJ3tpOnnapj0= HTTP/1.1" 200 1137 "-" "ShangouForIPhone/1.0 CFNetwork/609.1.4 Darwin/13.0.0"
124.160.216.181 - - [23/Aug/2013:13:51:24 +0800] "GET /flashsales/today?limit=3&time=398929947.481724&app_key=123456&signature=Cin1DXBS05rog1pbpDeN0cNw9RE%3D HTTP/1.1" 302 0 "-" "ShangouForIPhone/1.0 CFNetwork/609.1.4 Darwin/13.0.0"
124.160.216.181 - - [23/Aug/2013:13:51:24 +0800] "GET /flashsales/2013-08-23?limit=3&time=398929947.481724&app_key=123456&signature=Cin1DXBS05rog1pbpDeN0cNw9RE= HTTP/1.1" 200 1137 "-" "ShangouForIPhone/1.0 CFNetwork/609.1.4 Darwin/13.0.0"
124.160.216.181 - - [23/Aug/2013:13:51:50 +0800] "GET /customers/2/sales_orders?time=398929973.224414&app_key=123456&signature=yYIIXANF68VOo0hT0MBSOy34sWU%3D HTTP/1.1" 200 644 "-" "ShangouForIPhone/1.0 CFNetwork/609.1.4 Darwin/13.0.0"
124.160.216.181 - - [23/Aug/2013:13:52:53 +0800] "GET /flashsales/today?limit=3&time=398930037.167258&app_key=123456&signature=bb2m9zkcL%2B59YULqlaRGqaNnRT0%3D HTTP/1.1" 302 0 "-" "ShangouForIPhone/1.0 CFNetwork/609.1.4 Darwin/13.0.0"
124.160.216.181 - - [23/Aug/2013:13:52:53 +0800] "GET /flashsales/2013-08-23?limit=3&time=398930037.167258&app_key=123456&signature=bb2m9zkcL+59YULqlaRGqaNnRT0= HTTP/1.1" 200 1137 "-" "ShangouForIPhone/1.0 CFNetwork/609.1.4 Darwin/13.0.0"
124.160.216.181 - - [23/Aug/2013:13:53:33 +0800] "GET /flashsales/today?limit=3&time=398930076.373564&app_key=123456&signature=WZKkhJEiDM8CkiPkw%2Fs4R4DoNqM%3D HTTP/1.1" 302 0 "-" "ShangouForIPhone/1.0 CFNetwork/609.1.4 Darwin/13.0.0"
124.160.216.181 - - [23/Aug/2013:13:53:33 +0800] "GET /flashsales/2013-08-23?limit=3&time=398930076.373564&app_key=123456&signature=WZKkhJEiDM8CkiPkw/s4R4DoNqM= HTTP/1.1" 200 1137 "-" "ShangouForIPhone/1.0 CFNetwork/609.1.4 Darwin/13.0.0"
124.160.216.181 - - [23/Aug/2013:14:07:40 +0800] "GET /flashsales/today?limit=3&time=398930925.582344&app_key=123456&signature=AVnF4WUqzl9WEYjSaatFJceWg28%3D HTTP/1.1" 302 0 "-" "ShangouForIPhone/1.0 CFNetwork/609.1.4 Darwin/13.0.0"
124.160.216.181 - - [23/Aug/2013:14:07:41 +0800] "GET /flashsales/2013-08-23?limit=3&time=398930925.582344&app_key=123456&signature=AVnF4WUqzl9WEYjSaatFJceWg28= HTTP/1.1" 200 1137 "-" "ShangouForIPhone/1.0 CFNetwork/609.1.4 Darwin/13.0.0"
124.160.216.181 - - [23/Aug/2013:14:08:44 +0800] "GET /customers/2/sales_orders?time=398930989.169307&app_key=123456&signature=GdyKU7SHu87Z%2B3rxqmIalWMIwDs%3D HTTP/1.1" 200 644 "-" "ShangouForIPhone/1.0 CFNetwork/609.1.4 Darwin/13.0.0"
124.160.216.181 - - [23/Aug/2013:14:14:31 +0800] "GET /flashsales/today?limit=3&time=398931334.939855&app_key=123456&signature=OnuNXoxAlkJBLSEen%2FnOn5vmzDw%3D HTTP/1.1" 302 0 "-" "ShangouForIPhone/1.0 CFNetwork/609.1.4 Darwin/13.0.0"
124.160.216.181 - - [23/Aug/2013:14:14:31 +0800] "GET /flashsales/2013-08-23?limit=3&time=398931334.939855&app_key=123456&signature=OnuNXoxAlkJBLSEen/nOn5vmzDw= HTTP/1.1" 200 1137 "-" "ShangouForIPhone/1.0 CFNetwork/609.1.4 Darwin/13.0.0"
124.160.216.181 - - [23/Aug/2013:14:15:28 +0800] "GET /flashsales/today?limit=3&time=398931391.808094&app_key=123456&signature=FYnoPK7Wl6ELleojLJ87esPpbhw%3D HTTP/1.1" 302 0 "-" "ShangouForIPhone/1.0 CFNetwork/609.1.4 Darwin/13.0.0"
124.160.216.181 - - [23/Aug/2013:14:15:28 +0800] "GET /flashsales/2013-08-23?limit=3&time=398931391.808094&app_key=123456&signature=FYnoPK7Wl6ELleojLJ87esPpbhw= HTTP/1.1" 200 1137 "-" "ShangouForIPhone/1.0 CFNetwork/609.1.4 Darwin/13.0.0"
124.160.216.181 - - [23/Aug/2013:14:16:25 +0800] "GET /flashsales/today?limit=3&time=398931448.615032&app_key=123456&signature=B29URk%2BgKBd1r%2FY1oba3ph0yxSE%3D HTTP/1.1" 302 0 "-" "ShangouForIPhone/1.0 CFNetwork/609.1.4 Darwin/13.0.0"
124.160.216.181 - - [23/Aug/2013:14:16:25 +0800] "GET /flashsales/2013-08-23?limit=3&time=398931448.615032&app_key=123456&signature=B29URk+gKBd1r/Y1oba3ph0yxSE= HTTP/1.1" 200 1137 "-" "ShangouForIPhone/1.0 CFNetwork/609.1.4 Darwin/13.0.0"
124.160.216.181 - - [23/Aug/2013:14:19:01 +0800] "GET /flashsales/today?limit=3&time=398931604.845159&app_key=123456&signature=RlLhWAET9jpt9EebdLvNeE29VhQ%3D HTTP/1.1" 302 0 "-" "ShangouForIPhone/1.0 CFNetwork/609.1.4 Darwin/13.0.0"
124.160.216.181 - - [23/Aug/2013:14:19:01 +0800] "GET /flashsales/2013-08-23?limit=3&time=398931604.845159&app_key=123456&signature=RlLhWAET9jpt9EebdLvNeE29VhQ= HTTP/1.1" 200 1137 "-" "ShangouForIPhone/1.0 CFNetwork/609.1.4 Darwin/13.0.0"
124.160.216.181 - - [23/Aug/2013:14:20:47 +0800] "GET /flashsales/today?limit=3&time=398931710.313969&app_key=123456&signature=lwyasz7CjPT2onD7zqGGm5tBxrc%3D HTTP/1.1" 302 0 "-" "ShangouForIPhone/1.0 CFNetwork/609.1.4 Darwin/13.0.0"
124.160.216.181 - - [23/Aug/2013:14:20:47 +0800] "GET /flashsales/2013-08-23?limit=3&time=398931710.313969&app_key=123456&signature=lwyasz7CjPT2onD7zqGGm5tBxrc= HTTP/1.1" 200 1137 "-" "ShangouForIPhone/1.0 CFNetwork/609.1.4 Darwin/13.0.0"
124.160.216.181 - - [23/Aug/2013:14:22:22 +0800] "GET /flashsales/today?limit=3&time=398931805.845177&app_key=123456&signature=AUqEqhFI9vIPhsYcwzIRM17KVvE%3D HTTP/1.1" 302 0 "-" "ShangouForIPhone/1.0 CFNetwork/609.1.4 Darwin/13.0.0"
124.160.216.181 - - [23/Aug/2013:14:22:22 +0800] "GET /flashsales/2013-08-23?limit=3&time=398931805.845177&app_key=123456&signature=AUqEqhFI9vIPhsYcwzIRM17KVvE= HTTP/1.1" 200 1137 "-" "ShangouForIPhone/1.0 CFNetwork/609.1.4 Darwin/13.0.0"
218.108.196.61 - - [23/Aug/2013:14:24:20 +0800] "GET /flashsales/today?limit=3&time=398931926.604715&app_key=123456&signature=%2FbB3SdrdmTxC2ttGN%2BtfG5BT1AU%3D HTTP/1.1" 302 0 "-" "ShangouForIPhone/1.0 CFNetwork/609.1.4 Darwin/12.4.0"
218.108.196.61 - - [23/Aug/2013:14:24:20 +0800] "GET /flashsales/2013-08-23?limit=3&time=398931926.604715&app_key=123456&signature=/bB3SdrdmTxC2ttGN+tfG5BT1AU= HTTP/1.1" 200 1137 "-" "ShangouForIPhone/1.0 CFNetwork/609.1.4 Darwin/12.4.0"
218.108.196.61 - - [23/Aug/2013:14:24:22 +0800] "GET /flashsales/tomorrow?limit=30&time=398931928.372305&app_key=123456&signature=nPmQf8yMiP01kujF370UoMAn9q0%3D HTTP/1.1" 302 0 "-" "ShangouForIPhone/1.0 CFNetwork/609.1.4 Darwin/12.4.0"
218.108.196.61 - - [23/Aug/2013:14:24:22 +0800] "GET /flashsales/2013-08-24 HTTP/1.1" 200 2787 "-" "ShangouForIPhone/1.0 CFNetwork/609.1.4 Darwin/12.4.0"
218.108.196.61 - - [23/Aug/2013:14:24:53 +0800] "GET /flashsales/today?limit=3&time=398931960.105230&app_key=123456&signature=Q6Nk6gVKGgRnsHAejI2r%2FzJOc%2Bk%3D HTTP/1.1" 302 0 "-" "ShangouForIPhone/1.0 CFNetwork/609.1.4 Darwin/12.4.0"
218.108.196.61 - - [23/Aug/2013:14:24:53 +0800] "GET /flashsales/2013-08-23?limit=3&time=398931960.105230&app_key=123456&signature=Q6Nk6gVKGgRnsHAejI2r/zJOc+k= HTTP/1.1" 200 1137 "-" "ShangouForIPhone/1.0 CFNetwork/609.1.4 Darwin/12.4.0"
124.160.216.181 - - [23/Aug/2013:14:26:10 +0800] "GET /flashsales/today?limit=3&time=398932033.781381&app_key=123456&signature=%2F8SKIQhhCSQO7zwNRbNEZg0ZKQ4%3D HTTP/1.1" 302 0 "-" "ShangouForIPhone/1.0 CFNetwork/609.1.4 Darwin/13.0.0"
124.160.216.181 - - [23/Aug/2013:14:26:10 +0800] "GET /flashsales/2013-08-23?limit=3&time=398932033.781381&app_key=123456&signature=/8SKIQhhCSQO7zwNRbNEZg0ZKQ4= HTTP/1.1" 200 1137 "-" "ShangouForIPhone/1.0 CFNetwork/609.1.4 Darwin/13.0.0"
124.160.216.181 - - [23/Aug/2013:14:26:33 +0800] "GET /flashsales/today?limit=3&time=398932056.466668&app_key=123456&signature=6q5c7o%2BBZPS42ntq0Fsrm%2Bsrc5A%3D HTTP/1.1" 302 0 "-" "ShangouForIPhone/1.0 CFNetwork/609.1.4 Darwin/13.0.0"
124.160.216.181 - - [23/Aug/2013:14:26:33 +0800] "GET /flashsales/2013-08-23?limit=3&time=398932056.466668&app_key=123456&signature=6q5c7o+BZPS42ntq0Fsrm+src5A= HTTP/1.1" 200 1137 "-" "ShangouForIPhone/1.0 CFNetwork/609.1.4 Darwin/13.0.0"
218.108.196.61 - - [23/Aug/2013:14:27:15 +0800] "GET /flashsales/today?limit=3&time=398932101.787827&app_key=123456&signature=r9I27i46t3XzL5wXaKhNi387AdY%3D HTTP/1.1" 302 0 "-" "ShangouForIPhone/1.0 CFNetwork/609.1.4 Darwin/12.4.0"
218.108.196.61 - - [23/Aug/2013:14:27:15 +0800] "GET /flashsales/2013-08-23?limit=3&time=398932101.787827&app_key=123456&signature=r9I27i46t3XzL5wXaKhNi387AdY= HTTP/1.1" 200 1142 "-" "ShangouForIPhone/1.0 CFNetwork/609.1.4 Darwin/12.4.0"
218.108.196.61 - - [23/Aug/2013:14:27:20 +0800] "GET /flashsales/today?limit=3&time=398932106.638257&app_key=123456&signature=KIZBW5ZLwb3Mz2sfpp251SC8UPM%3D HTTP/1.1" 302 0 "-" "ShangouForIPhone/1.0 CFNetwork/609.1.4 Darwin/12.4.0"
218.108.196.61 - - [23/Aug/2013:14:27:20 +0800] "GET /flashsales/2013-08-23?limit=3&time=398932106.638257&app_key=123456&signature=KIZBW5ZLwb3Mz2sfpp251SC8UPM= HTTP/1.1" 200 1142 "-" "ShangouForIPhone/1.0 CFNetwork/609.1.4 Darwin/12.4.0"
124.160.216.181 - - [23/Aug/2013:14:27:24 +0800] "GET /flashsales/today?limit=3&time=398932109.556342&app_key=123456&signature=lvzF5x6t%2FpkGmArWd96c3OFwP5E%3D HTTP/1.1" 302 0 "-" "ShangouForIPhone/1.0 CFNetwork/609.1.4 Darwin/13.0.0"
124.160.216.181 - - [23/Aug/2013:14:27:24 +0800] "GET /flashsales/2013-08-23?limit=3&time=398932109.556342&app_key=123456&signature=lvzF5x6t/pkGmArWd96c3OFwP5E= HTTP/1.1" 200 1142 "-" "ShangouForIPhone/1.0 CFNetwork/609.1.4 Darwin/13.0.0"
124.160.216.181 - - [23/Aug/2013:14:28:46 +0800] "GET /flashsales/today?limit=3&time=398932189.624057&app_key=123456&signature=EvvKSwuhcNXfYhM6F2Z2OPAY2iM%3D HTTP/1.1" 302 0 "-" "ShangouForIPhone/1.0 CFNetwork/609.1.4 Darwin/13.0.0"
124.160.216.181 - - [23/Aug/2013:14:28:46 +0800] "GET /flashsales/2013-08-23?limit=3&time=398932189.624057&app_key=123456&signature=EvvKSwuhcNXfYhM6F2Z2OPAY2iM= HTTP/1.1" 200 1142 "-" "ShangouForIPhone/1.0 CFNetwork/609.1.4 Darwin/13.0.0"
218.108.196.61 - - [23/Aug/2013:14:30:40 +0800] "GET /flashsales/today?limit=3&time=398932307.000279&app_key=123456&signature=pPgjnYts2S2KseGC3PHPAVmaWK4%3D HTTP/1.1" 302 0 "-" "ShangouForIPhone/1.0 CFNetwork/609.1.4 Darwin/12.4.0"
218.108.196.61 - - [23/Aug/2013:14:30:40 +0800] "GET /flashsales/2013-08-23?limit=3&time=398932307.000279&app_key=123456&signature=pPgjnYts2S2KseGC3PHPAVmaWK4= HTTP/1.1" 200 1140 "-" "ShangouForIPhone/1.0 CFNetwork/609.1.4 Darwin/12.4.0"
218.108.196.61 - - [23/Aug/2013:14:31:39 +0800] "GET /flashsales/today?limit=3&time=398932365.636463&app_key=123456&signature=4pgoUsLCHz5xsehiRFZhMZqDVe8%3D HTTP/1.1" 302 0 "-" "ShangouForIPhone/1.0 CFNetwork/609.1.4 Darwin/12.4.0"
218.108.196.61 - - [23/Aug/2013:14:31:39 +0800] "GET /flashsales/2013-08-23?limit=3&time=398932365.636463&app_key=123456&signature=4pgoUsLCHz5xsehiRFZhMZqDVe8= HTTP/1.1" 200 1140 "-" "ShangouForIPhone/1.0 CFNetwork/609.1.4 Darwin/12.4.0"
218.108.196.61 - - [23/Aug/2013:14:32:08 +0800] "GET /flashsales/today?limit=3&time=398932394.938364&app_key=123456&signature=3%2Fb8Hu8lkPUHfr%2FKa325KBfY2mE%3D HTTP/1.1" 302 0 "-" "ShangouForIPhone/1.0 CFNetwork/609.1.4 Darwin/12.4.0"
218.108.196.61 - - [23/Aug/2013:14:32:08 +0800] "GET /flashsales/2013-08-23?limit=3&time=398932394.938364&app_key=123456&signature=3/b8Hu8lkPUHfr/Ka325KBfY2mE= HTTP/1.1" 200 1140 "-" "ShangouForIPhone/1.0 CFNetwork/609.1.4 Darwin/12.4.0"
218.108.196.61 - - [23/Aug/2013:14:32:30 +0800] "GET /flashsales/tomorrow?limit=30&time=398932416.983287&app_key=123456&signature=UpLuelmQz6dFskQ90B%2Bz1wvggxY%3D HTTP/1.1" 302 0 "-" "ShangouForIPhone/1.0 CFNetwork/609.1.4 Darwin/12.4.0"
218.108.196.61 - - [23/Aug/2013:14:32:30 +0800] "GET /flashsales/2013-08-24 HTTP/1.1" 200 2787 "-" "ShangouForIPhone/1.0 CFNetwork/609.1.4 Darwin/12.4.0"
115.199.136.93 - - [23/Aug/2013:14:39:03 +0800] "GET /flashsales/today?time=398932761.521559&app_key=123456&signature=q7/Vd9QsZol8hSgn9kfo4rQ7Ut8= HTTP/1.1" 302 0 "-" "ShangouForIPhone/1.0.0 CFNetwork/609.1.4 Darwin/13.0.0"
115.199.136.93 - - [23/Aug/2013:14:39:03 +0800] "GET /flashsales/2013-08-23?time=398932761.521559&app_key=123456&signature=q7/Vd9QsZol8hSgn9kfo4rQ7Ut8= HTTP/1.1" 200 2789 "-" "ShangouForIPhone/1.0.0 CFNetwork/609.1.4 Darwin/13.0.0"
115.199.136.93 - - [23/Aug/2013:14:39:07 +0800] "GET /flashsales/tomorrow?time=398932766.065700&app_key=123456&signature=6/zzqvqd9StWDLr+lvnGakjEPjs= HTTP/1.1" 302 0 "-" "ShangouForIPhone/1.0.0 CFNetwork/609.1.4 Darwin/13.0.0"
115.199.136.93 - - [23/Aug/2013:14:39:07 +0800] "GET /flashsales/2013-08-24 HTTP/1.1" 200 2787 "-" "ShangouForIPhone/1.0.0 CFNetwork/609.1.4 Darwin/13.0.0"
124.160.216.181 - - [23/Aug/2013:14:44:32 +0800] "GET /flashsales/today?limit=3&time=398933134.361805&app_key=123456&signature=JYecdzrD5saHgvchG7%2B8KiJp7Rw%3D HTTP/1.1" 302 0 "-" "ShangouForIPhone/1.0 CFNetwork/609.1.4 Darwin/13.0.0"
124.160.216.181 - - [23/Aug/2013:14:44:32 +0800] "GET /flashsales/2013-08-23?limit=3&time=398933134.361805&app_key=123456&signature=JYecdzrD5saHgvchG7+8KiJp7Rw= HTTP/1.1" 200 1140 "-" "ShangouForIPhone/1.0 CFNetwork/609.1.4 Darwin/13.0.0"
218.108.196.61 - - [23/Aug/2013:14:52:00 +0800] "GET /flashsales/today?max=160&limit=3&time=398933587.359773&app_key=123456&signature=wI0uhEBMcX04jO%2FWrp%2B80mVNnEs%3D HTTP/1.1" 302 0 "-" "ShangouForIPhone/1.0 CFNetwork/609.1.4 Darwin/12.4.0"
218.108.196.61 - - [23/Aug/2013:14:52:00 +0800] "GET /flashsales/2013-08-23?max=160&limit=3&time=398933587.359773&app_key=123456&signature=wI0uhEBMcX04jO/Wrp+80mVNnEs= HTTP/1.1" 200 1149 "-" "ShangouForIPhone/1.0 CFNetwork/609.1.4 Darwin/12.4.0"
218.108.196.61 - - [23/Aug/2013:14:52:05 +0800] "GET /flashsales/today?max=157&limit=3&time=398933592.465445&app_key=123456&signature=ObRmWOe7nJPt3ocB1B5a0qoixUs%3D HTTP/1.1" 302 0 "-" "ShangouForIPhone/1.0 CFNetwork/609.1.4 Darwin/12.4.0"
218.108.196.61 - - [23/Aug/2013:14:52:05 +0800] "GET /flashsales/2013-08-23?max=157&limit=3&time=398933592.465445&app_key=123456&signature=ObRmWOe7nJPt3ocB1B5a0qoixUs= HTTP/1.1" 200 1116 "-" "ShangouForIPhone/1.0 CFNetwork/609.1.4 Darwin/12.4.0"
218.108.196.61 - - [23/Aug/2013:14:52:07 +0800] "GET /flashsales/today?max=154&limit=3&time=398933595.142725&app_key=123456&signature=HgRFIfvauRykX51%2B8sST6cfAjyg%3D HTTP/1.1" 302 0 "-" "ShangouForIPhone/1.0 CFNetwork/609.1.4 Darwin/12.4.0"
218.108.196.61 - - [23/Aug/2013:14:52:07 +0800] "GET /flashsales/2013-08-23?max=154&limit=3&time=398933595.142725&app_key=123456&signature=HgRFIfvauRykX51+8sST6cfAjyg= HTTP/1.1" 200 309 "-" "ShangouForIPhone/1.0 CFNetwork/609.1.4 Darwin/12.4.0"
124.160.216.181 - - [23/Aug/2013:15:14:55 +0800] "GET /flashsales/today?limit=3&time=398934958.823647&app_key=123456&signature=wgPc86zWNsaqJhIdhUG8v6iOEK4%3D HTTP/1.1" 302 0 "-" "ShangouForIPhone/1.0 CFNetwork/609.1.4 Darwin/13.0.0"
124.160.216.181 - - [23/Aug/2013:15:14:55 +0800] "GET /flashsales/2013-08-23?limit=3&time=398934958.823647&app_key=123456&signature=wgPc86zWNsaqJhIdhUG8v6iOEK4= HTTP/1.1" 200 1140 "-" "ShangouForIPhone/1.0 CFNetwork/609.1.4 Darwin/13.0.0"
124.160.216.181 - - [23/Aug/2013:15:16:54 +0800] "GET /flashsales/today?limit=3&time=398935077.386255&app_key=123456&signature=CuCp42v7xGfmCT9sfrLe5I28UoY%3D HTTP/1.1" 302 0 "-" "ShangouForIPhone/1.0 CFNetwork/609.1.4 Darwin/13.0.0"
124.160.216.181 - - [23/Aug/2013:15:16:54 +0800] "GET /flashsales/2013-08-23?limit=3&time=398935077.386255&app_key=123456&signature=CuCp42v7xGfmCT9sfrLe5I28UoY= HTTP/1.1" 200 1140 "-" "ShangouForIPhone/1.0 CFNetwork/609.1.4 Darwin/13.0.0"
115.199.136.93 - - [23/Aug/2013:15:21:48 +0800] "GET /event_products/97?time=398935326.745109&app_key=123456&signature=8DaiX2WKNHcHsP4T5jlntrte97E= HTTP/1.1" 200 2247 "-" "ShangouForIPhone/1.0.0 CFNetwork/609.1.4 Darwin/13.0.0"
115.199.136.93 - - [23/Aug/2013:15:21:53 +0800] "GET /event_products/98?time=398935331.506479&app_key=123456&signature=/5yHsoE7ttyi3j1d3XDC2iLtYcE= HTTP/1.1" 200 2641 "-" "ShangouForIPhone/1.0.0 CFNetwork/609.1.4 Darwin/13.0.0"
115.199.136.93 - - [23/Aug/2013:15:21:55 +0800] "GET /event_products/99?time=398935334.043972&app_key=123456&signature=mDbe+5HFIC7oAt5mnHNC6Y2PYFM= HTTP/1.1" 200 2318 "-" "ShangouForIPhone/1.0.0 CFNetwork/609.1.4 Darwin/13.0.0"
115.199.136.93 - - [23/Aug/2013:15:22:02 +0800] "GET /event_products/101?time=398935340.761995&app_key=123456&signature=OYxfINrPTy6Od+iIgo7sLos4nic= HTTP/1.1" 200 2507 "-" "ShangouForIPhone/1.0.0 CFNetwork/609.1.4 Darwin/13.0.0"
115.199.136.93 - - [23/Aug/2013:15:22:06 +0800] "GET /event_products/100?time=398935344.662226&app_key=123456&signature=fywPEH2VRcraN/LwdFK2lR2Mb7s= HTTP/1.1" 200 2414 "-" "ShangouForIPhone/1.0.0 CFNetwork/609.1.4 Darwin/13.0.0"
115.199.136.93 - - [23/Aug/2013:15:22:11 +0800] "GET /event_products/103?time=398935349.896285&app_key=123456&signature=aVDx9AqF5rTxFaCC91bpZETVrrI= HTTP/1.1" 200 2690 "-" "ShangouForIPhone/1.0.0 CFNetwork/609.1.4 Darwin/13.0.0"
115.199.136.93 - - [23/Aug/2013:15:22:16 +0800] "GET /event_products/104?time=398935355.295198&app_key=123456&signature=R+6C+jiY+ttzMRtvkw4OH6/Yfqs= HTTP/1.1" 200 1234 "-" "ShangouForIPhone/1.0.0 CFNetwork/609.1.4 Darwin/13.0.0"
115.199.136.93 - - [23/Aug/2013:15:22:20 +0800] "GET /event_products/105?time=398935358.655278&app_key=123456&signature=NJnYgqDNmOYYl9wPTSsZIeTnUeo= HTTP/1.1" 200 2810 "-" "ShangouForIPhone/1.0.0 CFNetwork/609.1.4 Darwin/13.0.0"
124.160.216.154 - - [23/Aug/2013:15:25:25 +0800] "GET /flashsales/today?limit=3&time=398935590.252476&app_key=123456&signature=olyU%2F246vIfAv%2F0OWz9%2BkmxMl5A%3D HTTP/1.1" 302 0 "-" "ShangouForIPhone/1.0 CFNetwork/609.1.4 Darwin/13.0.0"
124.160.216.154 - - [23/Aug/2013:15:25:25 +0800] "GET /flashsales/2013-08-23?limit=3&time=398935590.252476&app_key=123456&signature=olyU/246vIfAv/0OWz9+kmxMl5A= HTTP/1.1" 200 1140 "-" "ShangouForIPhone/1.0 CFNetwork/609.1.4 Darwin/13.0.0"
218.108.196.61 - - [23/Aug/2013:15:25:30 +0800] "GET /flashslases/today HTTP/1.1" 403 71 "-" "Mozilla/5.0 (Macintosh; Intel Mac OS X 10_8_4) AppleWebKit/537.36 (KHTML, like Gecko) Chrome/28.0.1500.95 Safari/537.36"
218.108.196.61 - - [23/Aug/2013:15:25:30 +0800] "GET /favicon.ico HTTP/1.1" 403 71 "-" "Mozilla/5.0 (Macintosh; Intel Mac OS X 10_8_4) AppleWebKit/537.36 (KHTML, like Gecko) Chrome/28.0.1500.95 Safari/537.36"
218.108.196.61 - - [23/Aug/2013:15:25:47 +0800] "GET /flashslases/today HTTP/1.1" 403 71 "-" "Mozilla/5.0 (Macintosh; Intel Mac OS X 10_8_4) AppleWebKit/537.36 (KHTML, like Gecko) Chrome/28.0.1500.95 Safari/537.36"
218.108.196.61 - - [23/Aug/2013:15:25:47 +0800] "GET /favicon.ico HTTP/1.1" 403 71 "-" "Mozilla/5.0 (Macintosh; Intel Mac OS X 10_8_4) AppleWebKit/537.36 (KHTML, like Gecko) Chrome/28.0.1500.95 Safari/537.36"
124.160.216.154 - - [23/Aug/2013:15:29:52 +0800] "GET /flashsales/today?limit=3&time=398935855.207455&app_key=123456&signature=u4Z%2F6Cn3KDRIl2KNGhFPCiVyJiU%3D HTTP/1.1" 302 0 "-" "ShangouForIPhone/1.0 CFNetwork/609.1.4 Darwin/13.0.0"
124.160.216.154 - - [23/Aug/2013:15:29:52 +0800] "GET /flashsales/2013-08-23?limit=3&time=398935855.207455&app_key=123456&signature=u4Z/6Cn3KDRIl2KNGhFPCiVyJiU= HTTP/1.1" 200 1140 "-" "ShangouForIPhone/1.0 CFNetwork/609.1.4 Darwin/13.0.0"
124.160.216.154 - - [23/Aug/2013:15:34:37 +0800] "GET /flashsales/today?limit=3&time=398936140.328336&app_key=123456&signature=aEsXLmSi5QEScAbAAxrsNJMM1YM%3D HTTP/1.1" 302 0 "-" "ShangouForIPhone/1.0 CFNetwork/609.1.4 Darwin/13.0.0"
124.160.216.154 - - [23/Aug/2013:15:34:37 +0800] "GET /flashsales/2013-08-23?limit=3&time=398936140.328336&app_key=123456&signature=aEsXLmSi5QEScAbAAxrsNJMM1YM= HTTP/1.1" 200 1140 "-" "ShangouForIPhone/1.0 CFNetwork/609.1.4 Darwin/13.0.0"
124.160.216.154 - - [23/Aug/2013:15:35:53 +0800] "GET /flashsales/today?limit=3&time=398936216.678875&app_key=123456&signature=3K6p5np68Xx5T7E1UQPxsogVO2I%3D HTTP/1.1" 302 0 "-" "ShangouForIPhone/1.0 CFNetwork/609.1.4 Darwin/13.0.0"
124.160.216.154 - - [23/Aug/2013:15:35:53 +0800] "GET /flashsales/2013-08-23?limit=3&time=398936216.678875&app_key=123456&signature=3K6p5np68Xx5T7E1UQPxsogVO2I= HTTP/1.1" 200 1140 "-" "ShangouForIPhone/1.0 CFNetwork/609.1.4 Darwin/13.0.0"
124.160.216.154 - - [23/Aug/2013:15:39:26 +0800] "GET /flashsales/today?limit=3&time=398936429.549146&app_key=123456&signature=EjdeE2XoZrY5XReR2qrYZ9NtwM0%3D HTTP/1.1" 302 0 "-" "ShangouForIPhone/1.0 CFNetwork/609.1.4 Darwin/13.0.0"
124.160.216.154 - - [23/Aug/2013:15:39:26 +0800] "GET /flashsales/2013-08-23?limit=3&time=398936429.549146&app_key=123456&signature=EjdeE2XoZrY5XReR2qrYZ9NtwM0= HTTP/1.1" 200 1140 "-" "ShangouForIPhone/1.0 CFNetwork/609.1.4 Darwin/13.0.0"
124.160.216.154 - - [23/Aug/2013:15:41:15 +0800] "GET /flashsales/today?limit=3&time=398936538.878863&app_key=123456&signature=ynQzS0w5Ujcz%2F5ZRv3jdaMH7W6Y%3D HTTP/1.1" 302 0 "-" "ShangouForIPhone/1.0 CFNetwork/609.1.4 Darwin/13.0.0"
124.160.216.154 - - [23/Aug/2013:15:41:15 +0800] "GET /flashsales/2013-08-23?limit=3&time=398936538.878863&app_key=123456&signature=ynQzS0w5Ujcz/5ZRv3jdaMH7W6Y= HTTP/1.1" 200 1140 "-" "ShangouForIPhone/1.0 CFNetwork/609.1.4 Darwin/13.0.0"
124.160.217.25 - - [23/Aug/2013:15:46:01 +0800] "GET /flashsales/today?limit=3&time=398936825.735713&app_key=123456&signature=eKFUJUZ9FftPYz1u9heC2pM9iiA%3D HTTP/1.1" 302 0 "-" "ShangouForIPhone/1.0 CFNetwork/609.1.4 Darwin/13.0.0"
124.160.217.25 - - [23/Aug/2013:15:46:01 +0800] "GET /flashsales/2013-08-23?limit=3&time=398936825.735713&app_key=123456&signature=eKFUJUZ9FftPYz1u9heC2pM9iiA= HTTP/1.1" 200 1140 "-" "ShangouForIPhone/1.0 CFNetwork/609.1.4 Darwin/13.0.0"
218.108.196.61 - - [23/Aug/2013:15:57:07 +0800] "GET /flashsales/today?limit=3&time=398937496.549218&app_key=123456&signature=6%2FqBT7uxQ4Ejr9DBeE7F5xXXiBs%3D HTTP/1.1" 302 0 "-" "ShangouForIPhone/1.0 CFNetwork/609.1.4 Darwin/12.4.0"
218.108.196.61 - - [23/Aug/2013:15:57:07 +0800] "GET /flashsales/2013-08-23?limit=3&time=398937496.549218&app_key=123456&signature=6/qBT7uxQ4Ejr9DBeE7F5xXXiBs= HTTP/1.1" 200 1140 "-" "ShangouForIPhone/1.0 CFNetwork/609.1.4 Darwin/12.4.0"
218.108.196.61 - - [23/Aug/2013:16:01:33 +0800] "GET /flashsales/today?max=160&limit=3&time=398937763.324899&app_key=123456&signature=%2FlFqVaRB96gYrzG%2FroYE%2BQITvX0%3D HTTP/1.1" 302 0 "-" "ShangouForIPhone/1.0 CFNetwork/609.1.4 Darwin/12.4.0"
218.108.196.61 - - [23/Aug/2013:16:01:33 +0800] "GET /flashsales/2013-08-23?max=160&limit=3&time=398937763.324899&app_key=123456&signature=/lFqVaRB96gYrzG/roYE+QITvX0= HTTP/1.1" 200 1149 "-" "ShangouForIPhone/1.0 CFNetwork/609.1.4 Darwin/12.4.0"
218.108.196.61 - - [23/Aug/2013:16:02:00 +0800] "GET /flashsales/today?limit=3&time=398937790.199207&app_key=123456&signature=qTdp0DTJvsNc0Ou94sZUd1Dih04%3D HTTP/1.1" 302 0 "-" "ShangouForIPhone/1.0 CFNetwork/609.1.4 Darwin/12.4.0"
218.108.196.61 - - [23/Aug/2013:16:02:00 +0800] "GET /flashsales/2013-08-23?limit=3&time=398937790.199207&app_key=123456&signature=qTdp0DTJvsNc0Ou94sZUd1Dih04= HTTP/1.1" 200 1140 "-" "ShangouForIPhone/1.0 CFNetwork/609.1.4 Darwin/12.4.0"
124.160.217.25 - - [23/Aug/2013:16:02:01 +0800] "GET /flashsales/today?limit=3&time=398937785.965141&app_key=123456&signature=S0O39KhAtVhofDcrSRgXBQJkcfc%3D HTTP/1.1" 302 0 "-" "ShangouForIPhone/1.0 CFNetwork/609.1.4 Darwin/13.0.0"
124.160.217.25 - - [23/Aug/2013:16:02:01 +0800] "GET /flashsales/2013-08-23?limit=3&time=398937785.965141&app_key=123456&signature=S0O39KhAtVhofDcrSRgXBQJkcfc= HTTP/1.1" 200 1140 "-" "ShangouForIPhone/1.0 CFNetwork/609.1.4 Darwin/13.0.0"
124.160.217.25 - - [23/Aug/2013:16:04:31 +0800] "GET /flashsales/today?limit=3&time=398937935.173259&app_key=123456&signature=k4jkdf22fTA4bpHRUxA%2FIYJ4qGQ%3D HTTP/1.1" 302 0 "-" "ShangouForIPhone/1.0 CFNetwork/609.1.4 Darwin/13.0.0"
124.160.217.25 - - [23/Aug/2013:16:04:32 +0800] "GET /flashsales/2013-08-23?limit=3&time=398937935.173259&app_key=123456&signature=k4jkdf22fTA4bpHRUxA/IYJ4qGQ= HTTP/1.1" 200 1140 "-" "ShangouForIPhone/1.0 CFNetwork/609.1.4 Darwin/13.0.0"
124.160.217.110 - - [23/Aug/2013:16:34:17 +0800] "GET /flashsales/today?limit=3&time=398939722.353315&app_key=123456&signature=qBE9RWTEquPk%2BnTqGqA6fkanMcU%3D HTTP/1.1" 302 0 "-" "ShangouForIPhone/1.0 CFNetwork/609.1.4 Darwin/13.0.0"
124.160.217.110 - - [23/Aug/2013:16:34:17 +0800] "GET /flashsales/2013-08-23?limit=3&time=398939722.353315&app_key=123456&signature=qBE9RWTEquPk+nTqGqA6fkanMcU= HTTP/1.1" 200 1140 "-" "ShangouForIPhone/1.0 CFNetwork/609.1.4 Darwin/13.0.0"
124.160.217.110 - - [23/Aug/2013:16:36:49 +0800] "GET /flashsales/today?limit=3&time=398939873.336467&app_key=123456&signature=kATlHrzu8SeMgBd0clqt%2B%2BgZ0ZA%3D HTTP/1.1" 302 0 "-" "ShangouForIPhone/1.0 CFNetwork/609.1.4 Darwin/13.0.0"
124.160.217.110 - - [23/Aug/2013:16:36:49 +0800] "GET /flashsales/2013-08-23?limit=3&time=398939873.336467&app_key=123456&signature=kATlHrzu8SeMgBd0clqt++gZ0ZA= HTTP/1.1" 200 1140 "-" "ShangouForIPhone/1.0 CFNetwork/609.1.4 Darwin/13.0.0"
124.160.217.110 - - [23/Aug/2013:16:44:53 +0800] "GET /flashsales/today?limit=3&time=398940357.205091&app_key=123456&signature=rnkkbrQ%2BFU70ABEXCJKNkapKH7w%3D HTTP/1.1" 302 0 "-" "ShangouForIPhone/1.0 CFNetwork/609.1.4 Darwin/13.0.0"
124.160.217.110 - - [23/Aug/2013:16:44:53 +0800] "GET /flashsales/2013-08-23?limit=3&time=398940357.205091&app_key=123456&signature=rnkkbrQ+FU70ABEXCJKNkapKH7w= HTTP/1.1" 200 1140 "-" "ShangouForIPhone/1.0 CFNetwork/609.1.4 Darwin/13.0.0"
124.160.217.110 - - [23/Aug/2013:16:45:10 +0800] "GET /flashsales/today?limit=3&time=398940373.901239&app_key=123456&signature=9Byj8JGLoHPbqupeoD2hZnNO740%3D HTTP/1.1" 302 0 "-" "ShangouForIPhone/1.0 CFNetwork/609.1.4 Darwin/13.0.0"
124.160.217.110 - - [23/Aug/2013:16:45:10 +0800] "GET /flashsales/2013-08-23?limit=3&time=398940373.901239&app_key=123456&signature=9Byj8JGLoHPbqupeoD2hZnNO740= HTTP/1.1" 200 1140 "-" "ShangouForIPhone/1.0 CFNetwork/609.1.4 Darwin/13.0.0"
124.160.216.193 - - [23/Aug/2013:17:00:52 +0800] "GET /flashsales/today?limit=3&time=398941315.409582&app_key=123456&signature=qlRcETiItjMDg%2BlBGjXTxqMQHMY%3D HTTP/1.1" 302 0 "-" "ShangouForIPhone/1.0 CFNetwork/609.1.4 Darwin/13.0.0"
124.160.216.193 - - [23/Aug/2013:17:00:52 +0800] "GET /flashsales/2013-08-23?limit=3&time=398941315.409582&app_key=123456&signature=qlRcETiItjMDg+lBGjXTxqMQHMY= HTTP/1.1" 200 1140 "-" "ShangouForIPhone/1.0 CFNetwork/609.1.4 Darwin/13.0.0"
124.160.216.193 - - [23/Aug/2013:17:03:05 +0800] "GET /flashsales/today?limit=3&time=398941447.524712&app_key=123456&signature=Fq9t07hqEiebG260c6nxAU5RP8M%3D HTTP/1.1" 302 0 "-" "ShangouForIPhone/1.0 CFNetwork/609.1.4 Darwin/13.0.0"
124.160.216.193 - - [23/Aug/2013:17:03:05 +0800] "GET /flashsales/2013-08-23?limit=3&time=398941447.524712&app_key=123456&signature=Fq9t07hqEiebG260c6nxAU5RP8M= HTTP/1.1" 200 1140 "-" "ShangouForIPhone/1.0 CFNetwork/609.1.4 Darwin/13.0.0"
124.160.216.199 - - [23/Aug/2013:17:03:59 +0800] "GET /flashsales/today?limit=3&time=398941501.392057&app_key=123456&signature=s%2BSJmeycBP%2B66OyDGXa2oT24Qo4%3D HTTP/1.1" 302 0 "-" "ShangouForIPhone/1.0 CFNetwork/609.1.4 Darwin/13.0.0"
124.160.216.199 - - [23/Aug/2013:17:03:59 +0800] "GET /flashsales/2013-08-23?limit=3&time=398941501.392057&app_key=123456&signature=s+SJmeycBP+66OyDGXa2oT24Qo4= HTTP/1.1" 200 1140 "-" "ShangouForIPhone/1.0 CFNetwork/609.1.4 Darwin/13.0.0"
124.160.216.247 - - [23/Aug/2013:17:09:31 +0800] "GET /flashsales/today?limit=3&time=398941831.984057&app_key=123456&signature=cM%2FNzjYeuDKERBPw9ExUgA1XRuM%3D HTTP/1.1" 302 0 "-" "ShangouForIPhone/1.0 CFNetwork/609.1.4 Darwin/13.0.0"
124.160.216.247 - - [23/Aug/2013:17:09:31 +0800] "GET /flashsales/2013-08-23?limit=3&time=398941831.984057&app_key=123456&signature=cM/NzjYeuDKERBPw9ExUgA1XRuM= HTTP/1.1" 200 1140 "-" "ShangouForIPhone/1.0 CFNetwork/609.1.4 Darwin/13.0.0"
124.160.216.247 - - [23/Aug/2013:17:12:25 +0800] "GET /flashsales/today?limit=3&time=398942007.191735&app_key=123456&signature=3m66lKaNXSp0C%2Bkd698SRkXPFlE%3D HTTP/1.1" 302 0 "-" "ShangouForIPhone/1.0 CFNetwork/609.1.4 Darwin/13.0.0"
124.160.216.247 - - [23/Aug/2013:17:12:25 +0800] "GET /flashsales/2013-08-23?limit=3&time=398942007.191735&app_key=123456&signature=3m66lKaNXSp0C+kd698SRkXPFlE= HTTP/1.1" 200 1140 "-" "ShangouForIPhone/1.0 CFNetwork/609.1.4 Darwin/13.0.0"
124.160.216.247 - - [23/Aug/2013:17:13:30 +0800] "GET /flashsales/today?limit=3&time=398942071.982822&app_key=123456&signature=euBX7Q4ynUgzXnWOw0GEFW1gheQ%3D HTTP/1.1" 302 0 "-" "ShangouForIPhone/1.0 CFNetwork/609.1.4 Darwin/13.0.0"
124.160.216.247 - - [23/Aug/2013:17:13:30 +0800] "GET /flashsales/2013-08-23?limit=3&time=398942071.982822&app_key=123456&signature=euBX7Q4ynUgzXnWOw0GEFW1gheQ= HTTP/1.1" 200 1140 "-" "ShangouForIPhone/1.0 CFNetwork/609.1.4 Darwin/13.0.0"
124.160.216.247 - - [23/Aug/2013:17:14:22 +0800] "GET /flashsales/today?limit=3&time=398942125.924891&app_key=123456&signature=CMVBIC%2B%2FmVKuhR6tHDrIOqGiQ20%3D HTTP/1.1" 302 0 "-" "ShangouForIPhone/1.0 CFNetwork/609.1.4 Darwin/13.0.0"
124.160.216.247 - - [23/Aug/2013:17:14:22 +0800] "GET /flashsales/2013-08-23?limit=3&time=398942125.924891&app_key=123456&signature=CMVBIC+/mVKuhR6tHDrIOqGiQ20= HTTP/1.1" 200 1140 "-" "ShangouForIPhone/1.0 CFNetwork/609.1.4 Darwin/13.0.0"
124.160.216.252 - - [23/Aug/2013:17:44:23 +0800] "GET /flashsales/today?limit=3&time=398943927.620415&app_key=123456&signature=5usafNf78A5W6oFVS0pdZer2r2A%3D HTTP/1.1" 302 0 "-" "ShangouForIPhone/1.0 CFNetwork/609.1.4 Darwin/13.0.0"
124.160.216.252 - - [23/Aug/2013:17:44:24 +0800] "GET /flashsales/2013-08-23?limit=3&time=398943927.620415&app_key=123456&signature=5usafNf78A5W6oFVS0pdZer2r2A= HTTP/1.1" 200 1140 "-" "ShangouForIPhone/1.0 CFNetwork/609.1.4 Darwin/13.0.0"
124.160.216.252 - - [23/Aug/2013:17:45:13 +0800] "GET /flashsales/today?limit=3&time=398943975.432944&app_key=123456&signature=g7RZhIdqYGXMZnnY6luaQqry8mM%3D HTTP/1.1" 302 0 "-" "ShangouForIPhone/1.0 CFNetwork/609.1.4 Darwin/13.0.0"
124.160.216.252 - - [23/Aug/2013:17:45:13 +0800] "GET /flashsales/2013-08-23?limit=3&time=398943975.432944&app_key=123456&signature=g7RZhIdqYGXMZnnY6luaQqry8mM= HTTP/1.1" 200 1140 "-" "ShangouForIPhone/1.0 CFNetwork/609.1.4 Darwin/13.0.0"
124.160.216.252 - - [23/Aug/2013:17:48:34 +0800] "GET /flashsales/today?limit=3&time=398944176.947568&app_key=123456&signature=6JElKU8MNijB%2FRkcAWhXWJUUEIg%3D HTTP/1.1" 302 0 "-" "ShangouForIPhone/1.0 CFNetwork/609.1.4 Darwin/13.0.0"
124.160.216.252 - - [23/Aug/2013:17:48:34 +0800] "GET /flashsales/2013-08-23?limit=3&time=398944176.947568&app_key=123456&signature=6JElKU8MNijB/RkcAWhXWJUUEIg= HTTP/1.1" 200 1140 "-" "ShangouForIPhone/1.0 CFNetwork/609.1.4 Darwin/13.0.0"
124.160.216.252 - - [23/Aug/2013:17:49:54 +0800] "GET /flashsales/today?limit=3&time=398944255.971888&app_key=123456&signature=CCU%2FiokdWE8%2FdrpZMcuMi2FZY%2Fc%3D HTTP/1.1" 302 0 "-" "ShangouForIPhone/1.0 CFNetwork/609.1.4 Darwin/13.0.0"
124.160.216.252 - - [23/Aug/2013:17:49:54 +0800] "GET /flashsales/2013-08-23?limit=3&time=398944255.971888&app_key=123456&signature=CCU/iokdWE8/drpZMcuMi2FZY/c= HTTP/1.1" 200 1140 "-" "ShangouForIPhone/1.0 CFNetwork/609.1.4 Darwin/13.0.0"
124.160.216.252 - - [23/Aug/2013:17:51:25 +0800] "GET /flashsales/today?limit=3&time=398944347.161365&app_key=123456&signature=MJ13dgr6iXbCp0IKXZ7L2hPFh8o%3D HTTP/1.1" 302 0 "-" "ShangouForIPhone/1.0 CFNetwork/609.1.4 Darwin/13.0.0"
